// Jest Snapshot v1, https://goo.gl/fbAQLP

exports[`renders Notification correctly 1`] = `
<div
  className="notification is-size-7 is-danger"
>
  Error
</div>
`;
