// Jest Snapshot v1, https://goo.gl/fbAQLP

exports[`renders List correctly 1`] = `
<section
  className="section"
>
  <div
    className="container"
  >
    <div
      className="columns"
    >
      <div
        className="column is-8 is-offset-2"
      />
    </div>
  </div>
</section>
`;
